[iftaranekadarkaldi.com/sehir/4976/denizli-iftar-saati.html]
[backblue.gif]
[fade.gif]
[index.html]
[iftaranekadarkaldi.com/homepage_logo.png]
[iftaranekadarkaldi.com/favicon/apple-touch-icon.png]
[iftaranekadarkaldi.com/favicon/favicon-32x32.png]
[iftaranekadarkaldi.com/favicon/favicon-16x16.png]
[iftaranekadarkaldi.com/_next/static/css/a7e99b02ad9041be.css]
[iftaranekadarkaldi.com/_next/static/css/7f47b9549bf34fb2.css]
[iftaranekadarkaldi.com/_next/static/chunks/polyfills-c67a75d1b6f99dc8.js]
[iftaranekadarkaldi.com/_next/static/chunks/webpack-8c1b12d71c65e5ab.js]
[iftaranekadarkaldi.com/_next/static/chunks/framework-73b8966a3c579ab0.js]
[iftaranekadarkaldi.com/_next/static/chunks/main-3f386fe9309fb93f.js]
[iftaranekadarkaldi.com/_next/static/chunks/pages/_app-46247842fef4ef5e.js]
[iftaranekadarkaldi.com/_next/static/chunks/962-429a97af0212c5b0.js]
[iftaranekadarkaldi.com/_next/static/chunks/421-077c21653574e41b.js]
[iftaranekadarkaldi.com/_next/static/chunks/564-43dd24042e00b9ee.js]
[iftaranekadarkaldi.com/_next/static/chunks/pages/sehir/[[...id]]-9d9ece86089e7c0a.js]
[iftaranekadarkaldi.com/_next/static/-hZ1wVjKtvkMvt0MDiHjw/_buildManifest.js]
[iftaranekadarkaldi.com/_next/static/-hZ1wVjKtvkMvt0MDiHjw/_ssgManifest.js]
[iftaranekadarkaldi.com/sehir/4976/denizli-iftar-saati.html]
[iftaranekadarkaldi.com/_next/static/css/a7e99b02ad9041be.css]
[iftaranekadarkaldi.com/cdn-cgi/scripts/7d0fa10a/cloudflare-static/rocket-loader.min.js]
[iftaranekadarkaldi.com/_next/static/media/ajax-loader.0b80f665.gif]
[iftaranekadarkaldi.com/_next/static/css/7f47b9549bf34fb2.css]
